// Jest Snapshot v1, https://goo.gl/fbAQLP

exports[`Favorites component matches snapshot 1`] = `
ShallowWrapper {
  "length": 1,
  Symbol(enzyme.__root__): [Circular],
  Symbol(enzyme.__unrendered__): <Favorites
    favorites={
        Array [
            Object {
              "favoriteId": 1,
            },
          ]
    }
    movies={
        Array [
            Object {
              "movie_id": 4,
              "title": "Spiderman",
            },
            Object {
              "movie_id": 1,
              "title": "Batman",
            },
          ]
    }
    removeFavorite={[Function]}
    user={Object {}}
/>,
  Symbol(enzyme.__renderer__): Object {
    "batchedUpdates": [Function],
    "getNode": [Function],
    "render": [Function],
    "simulateEvent": [Function],
    "unmount": [Function],
  },
  Symbol(enzyme.__node__): Object {
    "instance": null,
    "key": undefined,
    "nodeType": "host",
    "props": Object {
      "children": Array [
        <div
          className="movie-card"
>
          <img
                    alt="Batman"
                    src="https://image.tmdb.org/t/p/w500undefined"
          />
          <button
                    className="delete-button"
                    onClick={[Function]}
          >
                    Remove
          </button>
</div>,
      ],
      "className": "movies-container scroll",
    },
    "ref": null,
    "rendered": Array [
      Object {
        "instance": null,
        "key": "0",
        "nodeType": "host",
        "props": Object {
          "children": Array [
            <img
              alt="Batman"
              src="https://image.tmdb.org/t/p/w500undefined"
/>,
            <button
              className="delete-button"
              onClick={[Function]}
>
              Remove
</button>,
          ],
          "className": "movie-card",
        },
        "ref": null,
        "rendered": Array [
          Object {
            "instance": null,
            "key": undefined,
            "nodeType": "host",
            "props": Object {
              "alt": "Batman",
              "src": "https://image.tmdb.org/t/p/w500undefined",
            },
            "ref": null,
            "rendered": null,
            "type": "img",
          },
          Object {
            "instance": null,
            "key": undefined,
            "nodeType": "host",
            "props": Object {
              "children": "Remove",
              "className": "delete-button",
              "onClick": [Function],
            },
            "ref": null,
            "rendered": "Remove",
            "type": "button",
          },
        ],
        "type": "div",
      },
    ],
    "type": "div",
  },
  Symbol(enzyme.__nodes__): Array [
    Object {
      "instance": null,
      "key": undefined,
      "nodeType": "host",
      "props": Object {
        "children": Array [
          <div
            className="movie-card"
>
            <img
                        alt="Batman"
                        src="https://image.tmdb.org/t/p/w500undefined"
            />
            <button
                        className="delete-button"
                        onClick={[Function]}
            >
                        Remove
            </button>
</div>,
        ],
        "className": "movies-container scroll",
      },
      "ref": null,
      "rendered": Array [
        Object {
          "instance": null,
          "key": "0",
          "nodeType": "host",
          "props": Object {
            "children": Array [
              <img
                alt="Batman"
                src="https://image.tmdb.org/t/p/w500undefined"
/>,
              <button
                className="delete-button"
                onClick={[Function]}
>
                Remove
</button>,
            ],
            "className": "movie-card",
          },
          "ref": null,
          "rendered": Array [
            Object {
              "instance": null,
              "key": undefined,
              "nodeType": "host",
              "props": Object {
                "alt": "Batman",
                "src": "https://image.tmdb.org/t/p/w500undefined",
              },
              "ref": null,
              "rendered": null,
              "type": "img",
            },
            Object {
              "instance": null,
              "key": undefined,
              "nodeType": "host",
              "props": Object {
                "children": "Remove",
                "className": "delete-button",
                "onClick": [Function],
              },
              "ref": null,
              "rendered": "Remove",
              "type": "button",
            },
          ],
          "type": "div",
        },
      ],
      "type": "div",
    },
  ],
  Symbol(enzyme.__options__): Object {
    "adapter": ReactSixteenAdapter {
      "options": Object {
        "enableComponentDidUpdateOnSetState": true,
      },
    },
    "disableLifecycleMethods": true,
  },
}
`;
