// Jest Snapshot v1, https://goo.gl/fbAQLP

exports[`NavBar component matches snapshot 1`] = `
ShallowWrapper {
  "length": 1,
  Symbol(enzyme.__root__): [Circular],
  Symbol(enzyme.__unrendered__): <Unknown
    logout={[Function]}
    user={
        Object {
            "name": "Steph",
          }
    }
/>,
  Symbol(enzyme.__renderer__): Object {
    "batchedUpdates": [Function],
    "getNode": [Function],
    "render": [Function],
    "simulateEvent": [Function],
    "unmount": [Function],
  },
  Symbol(enzyme.__node__): Object {
    "instance": null,
    "key": undefined,
    "nodeType": "host",
    "props": Object {
      "children": Array [
        <header>
          <NavLink
                    activeClassName="selected"
                    ariaCurrent="true"
                    className="nav"
                    exact={true}
                    to="/"
          >
                    Home
          </NavLink>
          <NavLink
                    activeClassName="selected"
                    ariaCurrent="true"
                    className="nav"
                    to="/favorites"
          >
                    Favorites
          </NavLink>
          <button
                    className="nav"
                    onClick={[Function]}
          >
                    Sign Out
          </button>
</header>,
        <h1>
          Welcome 
          Steph
</h1>,
      ],
      "className": "header-container user-logged-in",
    },
    "ref": null,
    "rendered": Array [
      Object {
        "instance": null,
        "key": undefined,
        "nodeType": "host",
        "props": Object {
          "children": Array [
            <NavLink
              activeClassName="selected"
              ariaCurrent="true"
              className="nav"
              exact={true}
              to="/"
>
              Home
</NavLink>,
            <NavLink
              activeClassName="selected"
              ariaCurrent="true"
              className="nav"
              to="/favorites"
>
              Favorites
</NavLink>,
            <button
              className="nav"
              onClick={[Function]}
>
              Sign Out
</button>,
          ],
        },
        "ref": null,
        "rendered": Array [
          Object {
            "instance": null,
            "key": undefined,
            "nodeType": "function",
            "props": Object {
              "activeClassName": "selected",
              "ariaCurrent": "true",
              "children": "Home",
              "className": "nav",
              "exact": true,
              "to": "/",
            },
            "ref": null,
            "rendered": "Home",
            "type": [Function],
          },
          Object {
            "instance": null,
            "key": undefined,
            "nodeType": "function",
            "props": Object {
              "activeClassName": "selected",
              "ariaCurrent": "true",
              "children": "Favorites",
              "className": "nav",
              "to": "/favorites",
            },
            "ref": null,
            "rendered": "Favorites",
            "type": [Function],
          },
          Object {
            "instance": null,
            "key": undefined,
            "nodeType": "host",
            "props": Object {
              "children": "Sign Out",
              "className": "nav",
              "onClick": [Function],
            },
            "ref": null,
            "rendered": "Sign Out",
            "type": "button",
          },
        ],
        "type": "header",
      },
      Object {
        "instance": null,
        "key": undefined,
        "nodeType": "host",
        "props": Object {
          "children": Array [
            "Welcome ",
            "Steph",
          ],
        },
        "ref": null,
        "rendered": Array [
          "Welcome ",
          "Steph",
        ],
        "type": "h1",
      },
    ],
    "type": "div",
  },
  Symbol(enzyme.__nodes__): Array [
    Object {
      "instance": null,
      "key": undefined,
      "nodeType": "host",
      "props": Object {
        "children": Array [
          <header>
            <NavLink
                        activeClassName="selected"
                        ariaCurrent="true"
                        className="nav"
                        exact={true}
                        to="/"
            >
                        Home
            </NavLink>
            <NavLink
                        activeClassName="selected"
                        ariaCurrent="true"
                        className="nav"
                        to="/favorites"
            >
                        Favorites
            </NavLink>
            <button
                        className="nav"
                        onClick={[Function]}
            >
                        Sign Out
            </button>
</header>,
          <h1>
            Welcome 
            Steph
</h1>,
        ],
        "className": "header-container user-logged-in",
      },
      "ref": null,
      "rendered": Array [
        Object {
          "instance": null,
          "key": undefined,
          "nodeType": "host",
          "props": Object {
            "children": Array [
              <NavLink
                activeClassName="selected"
                ariaCurrent="true"
                className="nav"
                exact={true}
                to="/"
>
                Home
</NavLink>,
              <NavLink
                activeClassName="selected"
                ariaCurrent="true"
                className="nav"
                to="/favorites"
>
                Favorites
</NavLink>,
              <button
                className="nav"
                onClick={[Function]}
>
                Sign Out
</button>,
            ],
          },
          "ref": null,
          "rendered": Array [
            Object {
              "instance": null,
              "key": undefined,
              "nodeType": "function",
              "props": Object {
                "activeClassName": "selected",
                "ariaCurrent": "true",
                "children": "Home",
                "className": "nav",
                "exact": true,
                "to": "/",
              },
              "ref": null,
              "rendered": "Home",
              "type": [Function],
            },
            Object {
              "instance": null,
              "key": undefined,
              "nodeType": "function",
              "props": Object {
                "activeClassName": "selected",
                "ariaCurrent": "true",
                "children": "Favorites",
                "className": "nav",
                "to": "/favorites",
              },
              "ref": null,
              "rendered": "Favorites",
              "type": [Function],
            },
            Object {
              "instance": null,
              "key": undefined,
              "nodeType": "host",
              "props": Object {
                "children": "Sign Out",
                "className": "nav",
                "onClick": [Function],
              },
              "ref": null,
              "rendered": "Sign Out",
              "type": "button",
            },
          ],
          "type": "header",
        },
        Object {
          "instance": null,
          "key": undefined,
          "nodeType": "host",
          "props": Object {
            "children": Array [
              "Welcome ",
              "Steph",
            ],
          },
          "ref": null,
          "rendered": Array [
            "Welcome ",
            "Steph",
          ],
          "type": "h1",
        },
      ],
      "type": "div",
    },
  ],
  Symbol(enzyme.__options__): Object {
    "adapter": ReactSixteenAdapter {
      "options": Object {
        "enableComponentDidUpdateOnSetState": true,
      },
    },
    "disableLifecycleMethods": true,
  },
}
`;
